
> mc-todo@0.1.0 build
> next build

▲ Next.js 16.1.6 (Turbopack)

  Creating an optimized production build ...
✓ Compiled successfully in 2.9s
  Running TypeScript ...
  Collecting page data using 19 workers ...
  Generating static pages using 19 workers (0/8) ...
  Generating static pages using 19 workers (2/8) 
  Generating static pages using 19 workers (4/8) 
  Generating static pages using 19 workers (6/8) 
✓ Generating static pages using 19 workers (8/8) in 484.1ms
  Finalizing page optimization ...

Route (app)
┌ ○ /
├ ○ /_not-found
├ ○ /archive
├ ○ /calendar
├ ○ /dashboard
├ ○ /manifest.webmanifest
└ ƒ /playground/[taskId]


○  (Static)   prerendered as static content
ƒ  (Dynamic)  server-rendered on demand

